Starting a Gradle Daemon, 1 incompatible and 3 stopped Daemons could not be reused, use --status for details
> Task :app:checkKotlinGradlePluginConfigurationErrors SKIPPED
> Task :app:preBuild UP-TO-DATE
> Task :app:preDebugBuild UP-TO-DATE
> Task :app:checkDebugAarMetadata UP-TO-DATE
> Task :app:processDebugNavigationResources UP-TO-DATE
> Task :app:compileDebugNavigationResources UP-TO-DATE
> Task :app:generateDebugResValues UP-TO-DATE
> Task :app:mapDebugSourceSetPaths UP-TO-DATE
> Task :app:generateDebugResources UP-TO-DATE
> Task :app:mergeDebugResources UP-TO-DATE
> Task :app:packageDebugResources UP-TO-DATE
> Task :app:parseDebugLocalResources UP-TO-DATE
> Task :app:createDebugCompatibleScreenManifests UP-TO-DATE
> Task :app:extractDeepLinksDebug UP-TO-DATE
> Task :app:processDebugMainManifest
> Task :app:processDebugManifest
> Task :app:processDebugManifestForPackage
> Task :app:processDebugResources
> Task :app:kspDebugKotlin

> Task :app:compileDebugKotlin FAILED
.\gradlew : e: file:///C:
/Users/bhave/StudioProjec
ts/ETYMO/app/src/main/jav
a/com/example/etymo/data/
local/KannadaLessons.kt:3
:11 Redeclaration:
At line:1 char:1
+ .\gradlew 
compileDebugKotlin 
--console=plain > 
build_errors.txt 2>&1
+ ~~~~~~~~~~~~~~~~~~~~~~~
~~~~~~~~~~~~~~~~~~~~~~~~~
~~~~~~~~~~~~~~~~~~~~
    + CategoryInfo       
       : NotSpecified: 
(e: fi    le:///C:/U... 
Redeclara    
tion::String) [], Remot  
  eException
    + 
FullyQualifiedErrorId    
 : NativeCommandError
 
data class Question : Any
e: file:///C:/Users/bhave
/StudioProjects/ETYMO/app
/src/main/java/com/exampl
e/etymo/data/local/Kannad
aLessons.kt:10:11 
Redeclaration:
data class UnitData : Any
e: file:///C:/Users/bhave
/StudioProjects/ETYMO/app
/src/main/java/com/exampl
e/etymo/data/local/Kannad
aLessons.kt:15:11 
Redeclaration:
data class SectionData : 
Any
e: file:///C:/Users/bhave
/StudioProjects/ETYMO/app
/src/main/java/com/exampl
e/etymo/data/local/TamilL
essons.kt:3:11 
Redeclaration:
data class Question : Any
e: file:///C:/Users/bhave
/StudioProjects/ETYMO/app
/src/main/java/com/exampl
e/etymo/data/local/TamilL
essons.kt:10:11 
Redeclaration:
data class UnitData : Any
e: file:///C:/Users/bhave
/StudioProjects/ETYMO/app
/src/main/java/com/exampl
e/etymo/data/local/TamilL
essons.kt:15:11 
Redeclaration:
data class SectionData : 
Any

FAILURE: Build failed 
with an exception.

* What went wrong:
Execution failed for 
task ':app:compileDebugKo
tlin'.
> A failure occurred 
while executing org.jetbr
ains.kotlin.compilerRunne
r.GradleCompilerRunnerWit
hWorkers$GradleKotlinComp
ilerWorkAction
   > Compilation error. 
See log for more details

* Try:
> Run with --stacktrace 
option to get the stack 
trace.
> Run with --info or 
--debug option to get 
more log output.
> Run with --scan to get 
full insights.
> Get more help at 
https://help.gradle.org.

BUILD FAILED in 24s
17 actionable tasks: 6 executed, 11 up-to-date
